Copyright 1986-2022 Xilinx, Inc. All Rights Reserved. Copyright 2022-2024 Advanced Micro Devices, Inc. All Rights Reserved.
--------------------------------------------------------------------------------------------------------------------------------------------------------------------------------------
| Tool Version : Vivado v.2024.1 (win64) Build 5076996 Wed May 22 18:37:14 MDT 2024
| Date         : Wed Jul 31 02:05:37 2024
| Host         : S7117-Evolution running 64-bit major release  (build 9200)
| Command      : report_methodology -file design_1_wrapper_methodology_drc_routed.rpt -pb design_1_wrapper_methodology_drc_routed.pb -rpx design_1_wrapper_methodology_drc_routed.rpx
| Design       : design_1_wrapper
| Device       : xczu7ev-ffvc1156-2-e
| Speed File   : -2
| Design State : Fully Routed
--------------------------------------------------------------------------------------------------------------------------------------------------------------------------------------

Report Methodology

Table of Contents
-----------------
1. REPORT SUMMARY
2. REPORT DETAILS

1. REPORT SUMMARY
-----------------
            Netlist: netlist
          Floorplan: checkpoint_design_1_wrapper
      Design limits: <entire design considered>
             Max violations: <unlimited>
             Violations found: 67
+-----------+----------+-------------------------------+------------+
| Rule      | Severity | Description                   | Violations |
+-----------+----------+-------------------------------+------------+
| TIMING-18 | Warning  | Missing input or output delay | 67         |
+-----------+----------+-------------------------------+------------+

2. REPORT DETAILS
-----------------
TIMING-18#1 Warning
Missing input or output delay  
An input delay is missing on ext_reset_in relative to the rising and/or falling clock edge(s) of clk_100MHz.
Related violations: <none>

TIMING-18#2 Warning
Missing input or output delay  
An input delay is missing on read_enables relative to the rising and/or falling clock edge(s) of clk_100MHz.
Related violations: <none>

TIMING-18#3 Warning
Missing input or output delay  
An input delay is missing on write_enables relative to the rising and/or falling clock edge(s) of clk_100MHz.
Related violations: <none>

TIMING-18#4 Warning
Missing input or output delay  
An output delay is missing on ofmap_00[0] relative to the rising and/or falling clock edge(s) of clk_100MHz.
Related violations: <none>

TIMING-18#5 Warning
Missing input or output delay  
An output delay is missing on ofmap_00[10] relative to the rising and/or falling clock edge(s) of clk_100MHz.
Related violations: <none>

TIMING-18#6 Warning
Missing input or output delay  
An output delay is missing on ofmap_00[11] relative to the rising and/or falling clock edge(s) of clk_100MHz.
Related violations: <none>

TIMING-18#7 Warning
Missing input or output delay  
An output delay is missing on ofmap_00[12] relative to the rising and/or falling clock edge(s) of clk_100MHz.
Related violations: <none>

TIMING-18#8 Warning
Missing input or output delay  
An output delay is missing on ofmap_00[13] relative to the rising and/or falling clock edge(s) of clk_100MHz.
Related violations: <none>

TIMING-18#9 Warning
Missing input or output delay  
An output delay is missing on ofmap_00[14] relative to the rising and/or falling clock edge(s) of clk_100MHz.
Related violations: <none>

TIMING-18#10 Warning
Missing input or output delay  
An output delay is missing on ofmap_00[15] relative to the rising and/or falling clock edge(s) of clk_100MHz.
Related violations: <none>

TIMING-18#11 Warning
Missing input or output delay  
An output delay is missing on ofmap_00[1] relative to the rising and/or falling clock edge(s) of clk_100MHz.
Related violations: <none>

TIMING-18#12 Warning
Missing input or output delay  
An output delay is missing on ofmap_00[2] relative to the rising and/or falling clock edge(s) of clk_100MHz.
Related violations: <none>

TIMING-18#13 Warning
Missing input or output delay  
An output delay is missing on ofmap_00[3] relative to the rising and/or falling clock edge(s) of clk_100MHz.
Related violations: <none>

TIMING-18#14 Warning
Missing input or output delay  
An output delay is missing on ofmap_00[4] relative to the rising and/or falling clock edge(s) of clk_100MHz.
Related violations: <none>

TIMING-18#15 Warning
Missing input or output delay  
An output delay is missing on ofmap_00[5] relative to the rising and/or falling clock edge(s) of clk_100MHz.
Related violations: <none>

TIMING-18#16 Warning
Missing input or output delay  
An output delay is missing on ofmap_00[6] relative to the rising and/or falling clock edge(s) of clk_100MHz.
Related violations: <none>

TIMING-18#17 Warning
Missing input or output delay  
An output delay is missing on ofmap_00[7] relative to the rising and/or falling clock edge(s) of clk_100MHz.
Related violations: <none>

TIMING-18#18 Warning
Missing input or output delay  
An output delay is missing on ofmap_00[8] relative to the rising and/or falling clock edge(s) of clk_100MHz.
Related violations: <none>

TIMING-18#19 Warning
Missing input or output delay  
An output delay is missing on ofmap_00[9] relative to the rising and/or falling clock edge(s) of clk_100MHz.
Related violations: <none>

TIMING-18#20 Warning
Missing input or output delay  
An output delay is missing on ofmap_01[0] relative to the rising and/or falling clock edge(s) of clk_100MHz.
Related violations: <none>

TIMING-18#21 Warning
Missing input or output delay  
An output delay is missing on ofmap_01[10] relative to the rising and/or falling clock edge(s) of clk_100MHz.
Related violations: <none>

TIMING-18#22 Warning
Missing input or output delay  
An output delay is missing on ofmap_01[11] relative to the rising and/or falling clock edge(s) of clk_100MHz.
Related violations: <none>

TIMING-18#23 Warning
Missing input or output delay  
An output delay is missing on ofmap_01[12] relative to the rising and/or falling clock edge(s) of clk_100MHz.
Related violations: <none>

TIMING-18#24 Warning
Missing input or output delay  
An output delay is missing on ofmap_01[13] relative to the rising and/or falling clock edge(s) of clk_100MHz.
Related violations: <none>

TIMING-18#25 Warning
Missing input or output delay  
An output delay is missing on ofmap_01[14] relative to the rising and/or falling clock edge(s) of clk_100MHz.
Related violations: <none>

TIMING-18#26 Warning
Missing input or output delay  
An output delay is missing on ofmap_01[15] relative to the rising and/or falling clock edge(s) of clk_100MHz.
Related violations: <none>

TIMING-18#27 Warning
Missing input or output delay  
An output delay is missing on ofmap_01[1] relative to the rising and/or falling clock edge(s) of clk_100MHz.
Related violations: <none>

TIMING-18#28 Warning
Missing input or output delay  
An output delay is missing on ofmap_01[2] relative to the rising and/or falling clock edge(s) of clk_100MHz.
Related violations: <none>

TIMING-18#29 Warning
Missing input or output delay  
An output delay is missing on ofmap_01[3] relative to the rising and/or falling clock edge(s) of clk_100MHz.
Related violations: <none>

TIMING-18#30 Warning
Missing input or output delay  
An output delay is missing on ofmap_01[4] relative to the rising and/or falling clock edge(s) of clk_100MHz.
Related violations: <none>

TIMING-18#31 Warning
Missing input or output delay  
An output delay is missing on ofmap_01[5] relative to the rising and/or falling clock edge(s) of clk_100MHz.
Related violations: <none>

TIMING-18#32 Warning
Missing input or output delay  
An output delay is missing on ofmap_01[6] relative to the rising and/or falling clock edge(s) of clk_100MHz.
Related violations: <none>

TIMING-18#33 Warning
Missing input or output delay  
An output delay is missing on ofmap_01[7] relative to the rising and/or falling clock edge(s) of clk_100MHz.
Related violations: <none>

TIMING-18#34 Warning
Missing input or output delay  
An output delay is missing on ofmap_01[8] relative to the rising and/or falling clock edge(s) of clk_100MHz.
Related violations: <none>

TIMING-18#35 Warning
Missing input or output delay  
An output delay is missing on ofmap_01[9] relative to the rising and/or falling clock edge(s) of clk_100MHz.
Related violations: <none>

TIMING-18#36 Warning
Missing input or output delay  
An output delay is missing on ofmap_10[0] relative to the rising and/or falling clock edge(s) of clk_100MHz.
Related violations: <none>

TIMING-18#37 Warning
Missing input or output delay  
An output delay is missing on ofmap_10[10] relative to the rising and/or falling clock edge(s) of clk_100MHz.
Related violations: <none>

TIMING-18#38 Warning
Missing input or output delay  
An output delay is missing on ofmap_10[11] relative to the rising and/or falling clock edge(s) of clk_100MHz.
Related violations: <none>

TIMING-18#39 Warning
Missing input or output delay  
An output delay is missing on ofmap_10[12] relative to the rising and/or falling clock edge(s) of clk_100MHz.
Related violations: <none>

TIMING-18#40 Warning
Missing input or output delay  
An output delay is missing on ofmap_10[13] relative to the rising and/or falling clock edge(s) of clk_100MHz.
Related violations: <none>

TIMING-18#41 Warning
Missing input or output delay  
An output delay is missing on ofmap_10[14] relative to the rising and/or falling clock edge(s) of clk_100MHz.
Related violations: <none>

TIMING-18#42 Warning
Missing input or output delay  
An output delay is missing on ofmap_10[15] relative to the rising and/or falling clock edge(s) of clk_100MHz.
Related violations: <none>

TIMING-18#43 Warning
Missing input or output delay  
An output delay is missing on ofmap_10[1] relative to the rising and/or falling clock edge(s) of clk_100MHz.
Related violations: <none>

TIMING-18#44 Warning
Missing input or output delay  
An output delay is missing on ofmap_10[2] relative to the rising and/or falling clock edge(s) of clk_100MHz.
Related violations: <none>

TIMING-18#45 Warning
Missing input or output delay  
An output delay is missing on ofmap_10[3] relative to the rising and/or falling clock edge(s) of clk_100MHz.
Related violations: <none>

TIMING-18#46 Warning
Missing input or output delay  
An output delay is missing on ofmap_10[4] relative to the rising and/or falling clock edge(s) of clk_100MHz.
Related violations: <none>

TIMING-18#47 Warning
Missing input or output delay  
An output delay is missing on ofmap_10[5] relative to the rising and/or falling clock edge(s) of clk_100MHz.
Related violations: <none>

TIMING-18#48 Warning
Missing input or output delay  
An output delay is missing on ofmap_10[6] relative to the rising and/or falling clock edge(s) of clk_100MHz.
Related violations: <none>

TIMING-18#49 Warning
Missing input or output delay  
An output delay is missing on ofmap_10[7] relative to the rising and/or falling clock edge(s) of clk_100MHz.
Related violations: <none>

TIMING-18#50 Warning
Missing input or output delay  
An output delay is missing on ofmap_10[8] relative to the rising and/or falling clock edge(s) of clk_100MHz.
Related violations: <none>

TIMING-18#51 Warning
Missing input or output delay  
An output delay is missing on ofmap_10[9] relative to the rising and/or falling clock edge(s) of clk_100MHz.
Related violations: <none>

TIMING-18#52 Warning
Missing input or output delay  
An output delay is missing on ofmap_11[0] relative to the rising and/or falling clock edge(s) of clk_100MHz.
Related violations: <none>

TIMING-18#53 Warning
Missing input or output delay  
An output delay is missing on ofmap_11[10] relative to the rising and/or falling clock edge(s) of clk_100MHz.
Related violations: <none>

TIMING-18#54 Warning
Missing input or output delay  
An output delay is missing on ofmap_11[11] relative to the rising and/or falling clock edge(s) of clk_100MHz.
Related violations: <none>

TIMING-18#55 Warning
Missing input or output delay  
An output delay is missing on ofmap_11[12] relative to the rising and/or falling clock edge(s) of clk_100MHz.
Related violations: <none>

TIMING-18#56 Warning
Missing input or output delay  
An output delay is missing on ofmap_11[13] relative to the rising and/or falling clock edge(s) of clk_100MHz.
Related violations: <none>

TIMING-18#57 Warning
Missing input or output delay  
An output delay is missing on ofmap_11[14] relative to the rising and/or falling clock edge(s) of clk_100MHz.
Related violations: <none>

TIMING-18#58 Warning
Missing input or output delay  
An output delay is missing on ofmap_11[15] relative to the rising and/or falling clock edge(s) of clk_100MHz.
Related violations: <none>

TIMING-18#59 Warning
Missing input or output delay  
An output delay is missing on ofmap_11[1] relative to the rising and/or falling clock edge(s) of clk_100MHz.
Related violations: <none>

TIMING-18#60 Warning
Missing input or output delay  
An output delay is missing on ofmap_11[2] relative to the rising and/or falling clock edge(s) of clk_100MHz.
Related violations: <none>

TIMING-18#61 Warning
Missing input or output delay  
An output delay is missing on ofmap_11[3] relative to the rising and/or falling clock edge(s) of clk_100MHz.
Related violations: <none>

TIMING-18#62 Warning
Missing input or output delay  
An output delay is missing on ofmap_11[4] relative to the rising and/or falling clock edge(s) of clk_100MHz.
Related violations: <none>

TIMING-18#63 Warning
Missing input or output delay  
An output delay is missing on ofmap_11[5] relative to the rising and/or falling clock edge(s) of clk_100MHz.
Related violations: <none>

TIMING-18#64 Warning
Missing input or output delay  
An output delay is missing on ofmap_11[6] relative to the rising and/or falling clock edge(s) of clk_100MHz.
Related violations: <none>

TIMING-18#65 Warning
Missing input or output delay  
An output delay is missing on ofmap_11[7] relative to the rising and/or falling clock edge(s) of clk_100MHz.
Related violations: <none>

TIMING-18#66 Warning
Missing input or output delay  
An output delay is missing on ofmap_11[8] relative to the rising and/or falling clock edge(s) of clk_100MHz.
Related violations: <none>

TIMING-18#67 Warning
Missing input or output delay  
An output delay is missing on ofmap_11[9] relative to the rising and/or falling clock edge(s) of clk_100MHz.
Related violations: <none>


